[www.trentstudents.org/about-us/recruitment_amal_test.html]
[backblue.gif]
[fade.gif]
[index.html]
[cdn.jsdelivr.net/npm/swiper/swiper-bundle.min.css]
[cdn.jsdelivr.net/npm/chart.js]
[cdn.jsdelivr.net/npm/chartjs-plugin-datalabels@2.0.0/dist/chartjs-plugin-datalabels.min.js]
[cdn.jsdelivr.net/gh/kenwheeler/slick@1.8.1/slick/slick-theme.css]
[cdn.jsdelivr.net/gh/kenwheeler/slick@1.8.1/slick/slick.css]
[assets.unioncloud.org/assets/application_student_view-c7a2dd41b04bd923530659f295bd646e8ebf9f402dde70f18073a0bcc1fd6bce.css]
[assets.unioncloud.org/assets/advance-cms-c4f768369ef72ca634e273dafb07fb266f76fce6c4a0e55a364de858c5d3a346.css]
[assets.unioncloud.org/assets/print-56319d8e517d5b2d6ce5403a19c7f9aa99091592b5834e55208bfe496e2498e4.css]
[assets.unioncloud.org/assets/print-user-1665f940ffe8630711ec4cc24b419bd058924972acf78f60762dc3f302315044.css]
[assets.unioncloud.org/assets/ntsu_default/stylesheets/style-43861244505f7af5e92b2777067f5a0e6fcb4acad704b38c9356311f5e0ae7ca.css]
[assets.prod.unioncloud-internal.com/global_assets/stylesheets/ntsu/ntsuf70a.css]
[assets.unioncloud.org/assets/core-5879ce87a6ea3590557858aa9f2f2e0796adae83b151f58f5debcff4be777445.js]
[assets.prod.unioncloud-internal.com/union_logo/images/61/original/NTSU-logo-White-Lozenge-CMYK.png]
[servedbyadbutler.com/app.js]
[www.trentstudents.org/about-us/our-mission.html]
[www.trentstudents.org/about-us/trustee-board.html]
[www.trentstudents.org/about-us/your-campus.html]
[www.trentstudents.org/about-us/social-media.html]
[www.trentstudents.org/about-us/contact-us.html]
[www.trentstudents.org/about-us/work-for-us.html]
[www.trentstudents.org/about-us/advertise-with-us.html]
[www.trentstudents.org/about-us/accessibility.html]
[www.trentstudents.org/about-us/sustainability.html]
[www.trentstudents.org/about-us/student-life-pulse.html]
[assets.prod.unioncloud-internal.com/image/images/595610/original/people_at_work.jpg]
[www.trentstudents.org/about-us/styles.css]
[assets.prod.unioncloud-internal.com/image/images/595609/original/awards-brandfolder-6.png]
[cdn.jsdelivr.net/npm/@fortawesome/fontawesome-free@latest/css/all.min.css]
[assets.unioncloud.org/assets/admin_default/onevoice_logo-81b54f66eb35ddbf3d97d030b185aa5ecfb1ea9d7f7a0f4c42be0ddaf21bbd95.png]
[assets.unioncloud.org/assets/application_student_view-6c2262f95ee77549950dd885766f26f8e86470a36c9fff6a4401288dafbf7603.js]
[assets.unioncloud.org/assets/ntsu_default/javascripts/union-a950fc00340a7bf861c70c625520bfd222fa734fcab83411ad43700c56d81d81.js]
[assets.unioncloud.org/assets/other_script-b02912cc72472ea0709fea4f4fa42211d1aad1f4a5787a38530b3554100a6701.js]
[assets.unioncloud.org/assets/reciteme-59af904dc8c4cadd278044baf2b78765e2b17a60c2ccabc83ddd4b11ba816d1a.js]
[assets.prod.unioncloud-internal.com/global_assets/javascripts/ntsu/ntsuf70a.js]
[www.trentstudents.org/about-us/recruitment_amal_test.html]
[s3-eu-west-1.amazonaws.com/nusdigital/image/images/181487/original/NTSU-logo-White-Lozenge-CMYK-facebook.png]
[cdn.jsdelivr.net/npm/swiper/swiper-bundle.min.css]
[kit.fontawesome.com/64e7e96185.html]
[cdn.jsdelivr.net/npm/slick-carousel@1.8.1/slick/slick.min.js]
[cdn.jsdelivr.net/gh/kenwheeler/slick@1.8.1/slick/ajax-loader.gif]
[cdn.jsdelivr.net/gh/kenwheeler/slick@1.8.1/slick/fonts/slick.eot]
[cdn.jsdelivr.net/gh/kenwheeler/slick@1.8.1/slick/fonts/slickd41d.eot]
[cdn.jsdelivr.net/gh/kenwheeler/slick@1.8.1/slick/fonts/slick.woff]
[cdn.jsdelivr.net/gh/kenwheeler/slick@1.8.1/slick/fonts/slick.ttf]
[cdn.jsdelivr.net/gh/kenwheeler/slick@1.8.1/slick/slick-theme.css]
[cdn.jsdelivr.net/gh/kenwheeler/slick@1.8.1/slick/slick.css]
[cdn.jsdelivr.net/gh/kenwheeler/slick@1.8.1/slick/fonts/slick.svg]
[assets.unioncloud.org/assets/jquery-ui/ui-icons_444444_256x240-31d988765b4e6f56553c29588c500381dc3e6f0aa2980c8212202e5644aefd5d.png]
[assets.unioncloud.org/assets/jquery-ui/ui-icons_555555_256x240-32175261daee76c82bb0edf0eea16a56421866fbc31e94f3c1d570aa114502f5.png]
[assets.unioncloud.org/assets/jquery-ui/ui-icons_ffffff_256x240-350df1b7131037de20e83c5c0f3a41a770d2ac48b5762ea772b3f4a8a7b9d47a.png]
[assets.unioncloud.org/assets/jquery-ui/ui-icons_777620_256x240-0b020fc6e696d88d296e7bb1f61f1eb2ad827848e2c7382a4c3e0999e702dd9b.png]
[assets.unioncloud.org/assets/jquery-ui/ui-icons_cc0000_256x240-40985a64b4d5dd213fba27fcd862a1bd1b337a97674f6ff0b9ec20abcee4bc69.png]
[assets.unioncloud.org/assets/jquery-ui/ui-icons_777777_256x240-faf32007ae120c302213557626e660dd10e711c5dd4f1113d35f26dc05b78d2f.png]
[assets.unioncloud.org/assets/admin_default/close_icon.png]
[assets.unioncloud.org/assets/default/collapse-tree-arrow.gif]
[assets.unioncloud.org/assets/default/disabled-collapse-tree-arrow.gif]
[assets.unioncloud.org/assets/default/expand-tree-arrow.gif]
[assets.unioncloud.org/assets/default/ajax-loader.gif]
[assets.unioncloud.org/assets/default/uc-nus-powered-bg.png]
[assets.unioncloud.org/assets/default/close-notice.png]
[assets.unioncloud.org/assets/default/validationico.gif]
[assets.unioncloud.org/assets/default/infoico.gif]
[assets.unioncloud.org/assets/default/nav-arrow.gif]
[assets.unioncloud.org/assets/default/shop-icon.png]
[assets.unioncloud.org/assets/default/user-icon.png]
[assets.unioncloud.org/assets/default/admin-icon.png]
[assets.unioncloud.org/assets/default/logout-icon.png]
[assets.unioncloud.org/assets/default/dropdown-arrow.png]
[assets.unioncloud.org/assets/default/hm-expanded-menu.png]
[assets.unioncloud.org/assets/default/hm-collapsed-menu.png]
[assets.unioncloud.org/assets/default/hamburger-menu.png]
[assets.unioncloud.org/assets/default/left-arrow.png]
[assets.unioncloud.org/assets/default/right-arrow.png]
[assets.unioncloud.org/assets/default/black-left-arrow.png]
[assets.unioncloud.org/assets/default/black-right-arrow.png]
[assets.unioncloud.org/assets/default/arrow_left.gif]
[assets.unioncloud.org/assets/default/arrow_right.gif]
[assets.unioncloud.org/assets/default/myticket.png]
[assets.unioncloud.org/assets/default/printbutton.png]
[assets.unioncloud.org/assets/default/disableprintbutton.png]
[assets.unioncloud.org/assets/default/ticket-sold-out-icon.png]
[assets.unioncloud.org/assets/default/ticket-sold-out-icon-welsh.png]
[assets.unioncloud.org/assets/default/buybutton.png]
[assets.unioncloud.org/assets/default/backbutton_icon.png]
[assets.unioncloud.org/assets/default/all-ticket-sold-out-icon.png]
[assets.unioncloud.org/assets/default/all-ticket-sold-out-icon-welsh.png]
[assets.unioncloud.org/assets/default/ticketavailable.png]
[assets.unioncloud.org/assets/default/trashicon.gif]
[assets.unioncloud.org/assets/default/outofstock.png]
[assets.unioncloud.org/assets/default/outofstock-welsh.png]
[assets.unioncloud.org/assets/default/errorico.gif]
[assets.unioncloud.org/assets/default/helpicon.png]
[assets.unioncloud.org/assets/default/collapse-icon.png]
[assets.unioncloud.org/assets/default/expand-icon.png]
[assets.unioncloud.org/assets/default/subtraction_icon.png]
[assets.unioncloud.org/assets/default/addition_icon.png]
[assets.unioncloud.org/assets/default/increase-decrease-button.png]
[assets.unioncloud.org/assets/default/successico.gif]
[assets.unioncloud.org/assets/default/eventdate.png]
[assets.unioncloud.org/assets/default/avataar-bg.png]
[assets.unioncloud.org/assets/default/search-image.png]
[assets.unioncloud.org/assets/default/group-bg.png]
[assets.unioncloud.org/assets/default/free-bg.png]
[assets.unioncloud.org/assets/default/group-types-bg.png]
[assets.unioncloud.org/assets/default/prev-horizontal.png]
[assets.unioncloud.org/assets/default/next-horizontal.png]
[assets.unioncloud.org/assets/default/event-bg.png]
[assets.unioncloud.org/assets/default/promotion_slider_previous.png]
[assets.unioncloud.org/assets/default/promotion_slider_next.png]
[assets.unioncloud.org/assets/default/student_sub_icon.png]
[assets.unioncloud.org/assets/default/administrator_sub_icon.png]
[assets.unioncloud.org/assets/default/groups_sub_icon.png]
[assets.unioncloud.org/assets/default/event_sub_icon.png]
[assets.unioncloud.org/assets/admin_default/link_icon.png]
[assets.unioncloud.org/assets/default/result-search-icon.png]
[assets.unioncloud.org/assets/default/expand-collapse-icon.png]
[assets.unioncloud.org/assets/default/questionnaire-arrow.png]
[assets.unioncloud.org/assets/default/event-ticket-title.png]
[assets.unioncloud.org/assets/default/search-order-legend.png]
[assets.unioncloud.org/assets/default/toggle-arrow.png]
[assets.unioncloud.org/assets/default/icon_sprite.png]
[assets.unioncloud.org/assets/default/display-options-icon.png]
[assets.unioncloud.org/assets/default/advance-options-icon.png]
[assets.unioncloud.org/assets/default/accordion-tab-bg.png]
[assets.unioncloud.org/assets/default/button-icon-spirit.png]
[assets.unioncloud.org/assets/default/delivery-mode-icon.png]
[assets.unioncloud.org/assets/default/continuetocheckout-button.png]
[assets.unioncloud.org/assets/default/uc-pagination-scroll-arrow.png]
[assets.unioncloud.org/assets/default/resource-bg.png]
[assets.unioncloud.org/assets/default/arrow-down.gif]
[assets.unioncloud.org/assets/default/arrow-up.gif]
[assets.unioncloud.org/assets/default/facebook-profile-arrow.png]
[assets.unioncloud.org/assets/default/twitter-profile-arrow.png]
[assets.unioncloud.org/assets/default/separator-bg.png]
[assets.unioncloud.org/assets/default/selected-tab-arrow.png]
[assets.unioncloud.org/assets/default/social-media-sign-button.png]
[assets.unioncloud.org/assets/default/social-share-links.png]
[assets.unioncloud.org/assets/default/highlight-buttons.png]
[assets.unioncloud.org/assets/default/orange-bullet-point.gif]
[assets.unioncloud.org/assets/default/profile-tab-bg.png]
[assets.unioncloud.org/assets/default/select-profile-tab-bg.gif]
[assets.unioncloud.org/assets/default/scroll-top-arrow.png]
[assets.unioncloud.org/assets/default/banner-trans-bg.png]
[assets.unioncloud.org/assets/default/buyticket-bg.png]
[assets.unioncloud.org/assets/default/switch-merge-logo-green.png]
[assets.unioncloud.org/themes/default/images/tab-header-bg.png]
[assets.unioncloud.org/assets/default/sv-widget-like-dislike-icon.png]
[assets.unioncloud.org/assets/default/sv-widget-petition-icon.png]
[assets.unioncloud.org/assets/default/default-event-arrows.png]
[assets.unioncloud.org/assets/default/time-ago.png]
[assets.unioncloud.org/assets/default/activate-now-buttons.png]
[assets.unioncloud.org/assets/default/phone-menu-icon.png]
[assets.unioncloud.org/assets/default/question-balloon.png]
[assets.unioncloud.org/assets/default/uc-onsale-icon.png]
[assets.unioncloud.org/assets/cms/banner-trans-bg.png]
[assets.unioncloud.org/assets/cms/responsive-slider-icons.gif]
[assets.unioncloud.org/assets/default/arrow-src-icon.png]
[assets.unioncloud.org/assets/evoting/seperator.gif]
[assets.unioncloud.org/assets/evoting/icon_timerblink_small.gif]
[assets.unioncloud.org/assets/evoting/numbers_small.png]
[assets.unioncloud.org/assets/evoting/btn_go_back.png]
[assets.unioncloud.org/assets/evoting/icon_view.gif]
[assets.unioncloud.org/assets/evoting/icon_feedback.png]
[assets.unioncloud.org/assets/evoting/icon_complete.gif]
[assets.unioncloud.org/assets/evoting/icon_info.gif]
[assets.unioncloud.org/assets/default/fonts/adelyne-webfont.eot]
[assets.unioncloud.org/assets/default/fonts/adelyne-webfontd41d.eot]
[assets.unioncloud.org/assets/default/fonts/adelyne-webfont.woff]
[assets.unioncloud.org/assets/default/fonts/adelyne-webfont.ttf]
[assets.unioncloud.org/assets/default/fonts/adelyne-webfont.svg]
[assets.unioncloud.org/assets/default/edit-mode-icon.png]
[assets.unioncloud.org/assets/default/onoff-icon.png]
[assets.unioncloud.org/assets/default/top-menu-icon.png]
[assets.unioncloud.org/assets/default/grid-bg.png]
[assets.unioncloud.org/assets/default/add-tab.png]
[assets.unioncloud.org/assets/default/icon_settings.png]
[assets.unioncloud.org/assets/cms/tab-small-iocs.png]
[assets.unioncloud.org/assets/default/top-menu-tip-arrow.png]
[assets.unioncloud.org/assets/default/add-document-icon.png]
[assets.unioncloud.org/assets/default/stripe-bg.png]
[assets.unioncloud.org/assets/default/edit-grid-stripe-icon.png]
[assets.unioncloud.org/assets/default/arrow_left.png]
[assets.unioncloud.org/assets/default/arrow_right.png]
[assets.unioncloud.org/assets/default/dot.png]
[assets.unioncloud.org/assets/default/selected-date.png]
[assets.unioncloud.org/assets/default/time-separator.jpg]
[assets.unioncloud.org/assets/default/grid-box.png]
[assets.unioncloud.org/assets/default/grid-box-last-child.png]
[assets.unioncloud.org/assets/default/calendar-icon.png]
[assets.unioncloud.org/assets/default/clock-icon.png]
[assets.unioncloud.org/assets/default/mobile-close-popup.png]
[assets.unioncloud.org/assets/default/tip-twitter_arrows.gif]
[assets.unioncloud.org/assets/default/map_icons/keyscotland.png]
[assets.unioncloud.org/assets/default/map_icons/keywales.png]
[assets.unioncloud.org/assets/default/map_icons/keynorthernireland.png]
[assets.unioncloud.org/assets/default/map_icons/keynorthwest.png]
[assets.unioncloud.org/assets/default/map_icons/keynortheast.png]
[assets.unioncloud.org/assets/default/map_icons/keywestmidlands.png]
[assets.unioncloud.org/assets/default/map_icons/keyeastmidlands.png]
[assets.unioncloud.org/assets/default/map_icons/keysouthwest.png]
[assets.unioncloud.org/assets/default/map_icons/keylondon.png]
[assets.unioncloud.org/assets/default/map_icons/keyeastanglia.png]
[assets.unioncloud.org/assets/default/map_icons/keysoutheast.png]
[assets.unioncloud.org/assets/default/map_icons/keynotknown.png]
[assets.unioncloud.org/assets/default/close-category-icon.png]
[assets.unioncloud.org/assets/default/continue-cookie-icon.png]
[assets.unioncloud.org/assets/fonts/CenturyGothic.eot]
[assets.unioncloud.org/assets/fonts/CenturyGothicd41d.eot]
[assets.unioncloud.org/assets/fonts/CenturyGothic.woff]
[assets.unioncloud.org/assets/fonts/CenturyGothic.ttf]
[assets.unioncloud.org/assets/fonts/CenturyGothic.svg]
[assets.unioncloud.org/assets/fonts/CenturyGothicBold.eot]
[assets.unioncloud.org/assets/fonts/CenturyGothicBoldd41d.eot]
[assets.unioncloud.org/assets/fonts/CenturyGothicBold.woff]
[assets.unioncloud.org/assets/fonts/CenturyGothicBold.ttf]
[assets.unioncloud.org/assets/fonts/CenturyGothicBold.svg]
[assets.unioncloud.org/assets/default/nav-icon.png]
[assets.unioncloud.org/assets/default/navigation-active.png]
[assets.unioncloud.org/assets/default/timeline-icon.png]
[assets.unioncloud.org/assets/default/dot-line.png]
[assets.unioncloud.org/assets/default/medium-circle.png]
[assets.unioncloud.org/assets/default/small-circle.png]
[assets.unioncloud.org/assets/default/election-active-tab.png]
[assets.unioncloud.org/assets/default/election-icon.png]
[assets.unioncloud.org/assets/default/studytype-icon.png]
[assets.unioncloud.org/assets/default/top-turnout-icon.png]
[assets.unioncloud.org/assets/bootstrap/info-icon.png]
[assets.unioncloud.org/assets/default/election-dash-icons.png]
[assets.unioncloud.org/assets/default/see-all-arrow.png]
[assets.unioncloud.org/assets/default/active-lanugage-flag.png]
[assets.unioncloud.org/assets/default/language-pop-arrow.png]
[assets.unioncloud.org/assets/default/close-notice-language.png]
[assets.unioncloud.org/assets/default/active-check.png]
[assets.unioncloud.org/assets/application_student_view-c7a2dd41b04bd923530659f295bd646e8ebf9f402dde70f18073a0bcc1fd6bce.css]
[assets.unioncloud.org/assets/cms/toolbar-logo.png]
[assets.unioncloud.org/assets/cms/arrow-icons.png]
[assets.unioncloud.org/assets/cms/toolbar-icons.png]
[assets.unioncloud.org/assets/cms/toolbar-setting-icon.png]
[assets.unioncloud.org/assets/cms/onOff.png]
[assets.unioncloud.org/assets/cms/tab-icons.png]
[assets.unioncloud.org/assets/cms/drop-here.png]
[assets.unioncloud.org/assets/cms/popup-close-icon.png]
[assets.unioncloud.org/assets/cms/display-as-images.png]
[assets.unioncloud.org/assets/cms/action-icons.png]
[assets.unioncloud.org/assets/advance-cms-c4f768369ef72ca634e273dafb07fb266f76fce6c4a0e55a364de858c5d3a346.css]
[assets.unioncloud.org/assets/themethree/nus-digital-logo.png]
[assets.unioncloud.org/assets/print-56319d8e517d5b2d6ce5403a19c7f9aa99091592b5834e55208bfe496e2498e4.css]
[assets.unioncloud.org/assets/print-user-1665f940ffe8630711ec4cc24b419bd058924972acf78f60762dc3f302315044.css]
[assets.unioncloud.org/assets/ntsu_default/images/new-default-nott-backdrop-2064f1ee78a219bfc6aa2cf3577676dc5adb7537df5f3af659171a59ee767841.jpg]
[assets.unioncloud.org/assets/ntsu_default/images/footer-hr-b15d76c7c177fa7aded7eaf4251179fd0dd81eff2d5847377b76e92aadaead90.png]
[assets.unioncloud.org/images/ntsu_default/images/ntsu-stu-voice.png]
[assets.unioncloud.org/images/ntsu_default/images/ntsu-stu-ents.png]
[assets.unioncloud.org/images/ntsu_default/images/ntsu-stu-adv.png]
[assets.unioncloud.org/images/ntsu_default/images/ntsu-stu-act.png]
[assets.unioncloud.org/images/ntsu_default/images/ntsu-stu-emp.png]
[assets.unioncloud.org/images/ntsu_default/images/ntsu-stu-demo.png]
[assets.unioncloud.org/images/ntsu_default/images/ntsu-stu-eng.png]
[assets.unioncloud.org/images/ntsu_default/images/ntsu-sport-icon.png]
[assets.unioncloud.org/images/ntsu_default/images/ntsu-venue-icon.png]
[assets.unioncloud.org/images/ntsu_default/images/ntsu-shop-icon.png]
[assets.unioncloud.org/images/ucsu_bespoke_default/images/grid-name-bg.png]
[assets.unioncloud.org/assets/ntsu_default/images/home-slider-arrow-69e3f0185212fd56a8a8a6602e7842eb624eb5cb1b7557661987207b20b6130d.png]
[assets.unioncloud.org/assets/ntsu_default/images/top-title-shadow-7ca337f109e15322b9ec81de5f9c1abac9c703ccb7b1d3fff76f3cf01db616a1.png]
[assets.unioncloud.org/assets/ntsu_default/images/event-arrows-2d2982a8fcf4b6280d52457f53a551ae23d30eb969136b103f3d8648fc9cf2c1.png]
[assets.unioncloud.org/assets/ntsu_default/images/volunteering-widget-arrows-2e6901850eb6bea27383899bcda44640116f23485bc8cb14804a3ab9e9e77fb5.png]
[assets.unioncloud.org/assets/ntsu_default/images/news-arrows-9844c6ebacbaa0055ff67a6571cfc968c5e9407aa7f97623c73c4f7e2a0ad317.png]
[assets.unioncloud.org/assets/ntsu_default/images/breadcrumb-icon-6a13f6350029874ce9d73de55500283285ac261b475525ed607133949e1a11c5.png]
[assets.unioncloud.org/assets/ntsu_default/images/breadcrumbs-arrow-3e396f96c3aefc49ee9e2cb6162696786f1ef2d6023ca1040ebf5cf7d981dfcf.gif]
[assets.unioncloud.org/assets/ntsu_default/images/leftmenu-title-arrow-orange-f98029ad7031c52edc72475591208e7c54c95b118faead57ab72d99daf37a6f3.png]
[assets.unioncloud.org/assets/ntsu_default/images/leftmenu-title-arrow-white-8e55189803e62e7ac47c330a8f0a74c76f2fe5ebd8d73ab9317a882de5602027.png]
[assets.unioncloud.org/assets/ntsu_default/images/black-down-arrow-8fb9d768da1f87f41c1fd7aef452d2f003aab0ac996d088324a351cd55b8a29f.png]
[assets.unioncloud.org/assets/ntsu_default/images/black-right-arrow-ab5b3dd829a951a4d1ee69828000787b3b1de27097c378ed690eca7cd01652c7.png]
[assets.unioncloud.org/assets/ntsu_default/images/search-image-caf53547c8a874655f0da23bf6e68f954ba40112dcb85eadaacff0571b5b06a2.png]
[assets.unioncloud.org/assets/ntsu_default/images/grid-arrows-2918163b58435d8521c5c4ae80b2880018113d25b5662523546b072dc61c5e44.png]
[assets.unioncloud.org/assets/ntsu_default/images/dot-93ec6a93078d5978c7c8fcf20fdf82b083d7caeda030523067f22449aff8deb1.png]
[assets.unioncloud.org/assets/ntsu_default/images/grid-box-4d6b91742cca6a1087a4910efb028035b3fbc016a111875f8c404c6254ca7c00.png]
[assets.unioncloud.org/assets/ntsu_default/images/grid-box-last-child-0352e1e023d54361f39f9933c4685cfdb6adb90588c0f470f135695c5384b586.png]
[assets.unioncloud.org/assets/ntsu_default/images/clock-icon-32aa117b7ece95d9b1cce52d7c30aaabb9a04fa43e1b10f62819f3b43c54c71a.png]
[assets.unioncloud.org/assets/ntsu_default/images/selected-date-bb32313b65d68e740b4d84dabf6dff584a5d5c94f92aa331dc3fccf25ee2bf36.png]
[assets.unioncloud.org/assets/ntsu_default/images/time-separator-e3966860694f0a79bbd13cdd42e413d59b5bf33e7f1c8865b902344e85cf99f8.jpg]
[assets.unioncloud.org/assets/ntsu_default/images/shop-icon-white-041cd38b295139e31eb326797964f99656766720ba55f1516a9c520cb06c3f9a.png]
[assets.unioncloud.org/assets/ntsu_default/images/evo-categories-titlebg-e34f0dda993d84c195df80e625f8049ce68dc3b95b6a7853c29bb7462ebddff7.png]
[assets.unioncloud.org/assets/ntsu_default/images/votenow-button-b6cd22bd7e2914d85e9f66e3bc73858c05fdd7fa39fdf6da1513627e5ffbf277.png]
[assets.unioncloud.org/assets/ntsu_default/images/evoting-buttons-0c21fc37911c160b9fecb4263ed41e0d9a72421c3f37434caeb120a47b8c25b8.png]
[assets.unioncloud.org/assets/ntsu_default/images/confirm-buttons-81fbd89de06ad056ba257c27f891efc6d172b37e314a20170825469726c17b65.png]
[assets.unioncloud.org/assets/ntsu_default/images/evo-icon-view-5c78a8fa0b1e76659e4442748e824491c83412b0c0e743ae68b7dd8bcad6cff2.png]
[assets.unioncloud.org/assets/ntsu_default/images/transparent-bg-1deaf58aed3536be75748b4eb688a2ac7dd46d4dd9692b51a57ed5b43b257c53.png]
[assets.unioncloud.org/assets/ntsu_default/images/footer-bullets-5668f47968def21c5dfdf4d6810717474554b17cfe88db86954cbc967138ba60.png]
[assets.unioncloud.org/assets/ntsu_default/images/nus-digital-logo-d0977353156d5d2ccdfe313a3ff5a72cdb05fd51e1d574a67ea0a98df32ed9ad.png]
[assets.unioncloud.org/assets/ntsu_default/images/sv-widget-arrows-2b4fc32110ffbe6b9970318604c9f065998a832e0ca54a0f22731edb1af64c02.png]
[assets.unioncloud.org/assets/ntsu_default/images/white-bullet-point-2d894974ca63368fff2d75ab56d67d0e17ff47bb6942b5fd33d8813b77470a7f.png]
[assets.unioncloud.org/images/ntsu_default/images/ipad-ntsu-stu-voice.png]
[assets.unioncloud.org/images/ntsu_default/images/ipad-ntsu-stu-ents.png]
[assets.unioncloud.org/images/ntsu_default/images/ipad-ntsu-stu-adv.png]
[assets.unioncloud.org/images/ntsu_default/images/ipad-ntsu-stu-act.png]
[assets.unioncloud.org/images/ntsu_default/images/ipad-ntsu-stu-emp.png]
[assets.unioncloud.org/images/ntsu_default/images/ipad-ntsu-stu-demo.png]
[assets.unioncloud.org/images/ntsu_default/images/ipad-ntsu-stu-eng.png]
[assets.unioncloud.org/images/ntsu_default/images/ipad-ntsu-sport-icon.png]
[assets.unioncloud.org/images/ntsu_default/images/ipad-ntsu-venue-icon.png]
[assets.unioncloud.org/images/ntsu_default/images/ipad-ntsu-shop-icon.png]
[assets.unioncloud.org/assets/ntsu_default/images/phone-menu-icon-17d68663ea90722e2bc247a80bf7826d84d146811fa2d7cc600a486bbb4dd7f6.png]
[assets.unioncloud.org/assets/ntsu_default/images/nav-arrow-876fd10e1ba31357764af8da6b88879838159d747c60ce904e3058d56de3b321.gif]
[assets.unioncloud.org/assets/ntsu_default/stylesheets/style-43861244505f7af5e92b2777067f5a0e6fcb4acad704b38c9356311f5e0ae7ca.css]
[assets.prod.unioncloud-internal.com/image/images/427424/original/ntsu-logo-nobg.png]
[assets.prod.unioncloud-internal.com/image/images/537036/original/MEDIA_PACK_BUTTON_1.jpg]
[assets.prod.unioncloud-internal.com/image/images/537039/original/HOUSING_FAIR_BUTTON_1.jpg]
[assets.prod.unioncloud-internal.com/image/images/537038/original/MAKE_AN_ENQUIRY_BUTTON_1.jpg]
[assets.prod.unioncloud-internal.com/image/images/537037/original/FRESHERS_ADVERTISING_BUTTON_1.jpg]
[assets.prod.unioncloud-internal.com/global_assets/stylesheets/ntsu/ntsuf70a.css]
[assets.unioncloud.org/assets/core-5879ce87a6ea3590557858aa9f2f2e0796adae83b151f58f5debcff4be777445.js]
[assets.prod.unioncloud-internal.com/global_assets/stylesheets/ntsu/ntsub994.css]
[www.trentstudents.org/about-us/true/index.html]
[www.trentstudents.org/about-us/our-mission/student-charter.html]
[www.trentstudents.org/about-us/our-mission.html]
[assets.prod.unioncloud-internal.com/global_assets/javascripts/ntsu/ntsub994.js]
[assets.prod.unioncloud-internal.com/global_assets/stylesheets/ntsu/ntsu516f.css]
[assets.prod.unioncloud-internal.com/image/images/366108/original/NTSU_ORG_CHART_2021.png]
[assets.prod.unioncloud-internal.com/image/images/548263/original/PRESIDENT_2024_NORMAL.jpg]
[assets.prod.unioncloud-internal.com/image/images/547970/original/COMMUNITY_2024.jpg]
[assets.prod.unioncloud-internal.com/image/images/547971/original/EDUCATION_2024.jpg]
[assets.prod.unioncloud-internal.com/image/images/547973/original/POSTGRADUATE_2024.jpg]
[assets.prod.unioncloud-internal.com/image/images/547972/original/OPPORTUNITIES_2024.jpg]
[assets.prod.unioncloud-internal.com/image/images/547974/original/SPORT_2024.jpg]
[assets.prod.unioncloud-internal.com/image/images/547975/original/BRACK_2024.jpg]
[assets.prod.unioncloud-internal.com/image/images/554030/original/Melekwe_IMG_5921.jpg]
[assets.prod.unioncloud-internal.com/image/images/555177/original/Nikita_Photo_N.jpg]
[assets.prod.unioncloud-internal.com/image/images/366102/original/geoff_300p.jpg]
[assets.prod.unioncloud-internal.com/image/images/502428/original/KUDZAI_TRUSTEE.jpg]
[assets.prod.unioncloud-internal.com/image/images/502430/original/GEORGIE_TRUSTEE.jpg]
[www.trentstudents.org/about-us/trustee-board.html]
[assets.prod.unioncloud-internal.com/global_assets/javascripts/ntsu/ntsu5f81.js]
[assets.prod.unioncloud-internal.com/global_assets/stylesheets/ntsu/ntsu7812.css]
[www.trentstudents.org/about-us/your-campus/brackenhurst-students.html]
[assets.prod.unioncloud-internal.com/page/images/220448/original/YOUR_CAMPUS_LP_TILE_BRACK.png]
[www.trentstudents.org/about-us/your-campus/city-students.html]
[assets.prod.unioncloud-internal.com/page/images/220449/original/YOUR_CAMPUS_LP_TILE_CITY.png]
[www.trentstudents.org/about-us/your-campus/clifton-students.html]
[assets.prod.unioncloud-internal.com/page/images/220451/original/YOUR_CAMPUS_LP_TILE_CLIFTON.png]
[www.trentstudents.org/about-us/your-campus/confetti-students.html]
[assets.prod.unioncloud-internal.com/page/images/220333/original/YOUR_CAMPUS_LP_TILE_CONFETTI.png]
[www.trentstudents.org/about-us/your-campus/mansfield-students.html]
[assets.prod.unioncloud-internal.com/page/images/220334/original/YOUR_CAMPUS_LP_TILE_MANSFIELD.png]
[www.trentstudents.org/about-us/your-campus/ntic-students.html]
[assets.prod.unioncloud-internal.com/page/images/220335/original/YOUR_CAMPUS_LP_TILE_NTIC.png]
[www.trentstudents.org/about-us/your-campus/confetti-london.html]
[assets.prod.unioncloud-internal.com/page/images/252115/original/CONFETTI_LDN_TILE.jpg]
[www.trentstudents.org/about-us/your-campus.html]
[assets.prod.unioncloud-internal.com/global_assets/javascripts/ntsu/ntsu7812.js]
[assets.prod.unioncloud-internal.com/global_assets/stylesheets/ntsu/ntsua355.css]
[www.trentstudents.org/about-us/social-media/halls-facebook-groups.html]
[assets.prod.unioncloud-internal.com/page/images/220247/original/PRESIDENT.jpg]
[assets.prod.unioncloud-internal.com/page/images/220248/original/EDUCATION.jpg]
[assets.prod.unioncloud-internal.com/page/images/220249/original/OPPORTUNITIES.jpg]
[assets.prod.unioncloud-internal.com/page/images/220250/original/COMMUNITY.jpg]
[assets.prod.unioncloud-internal.com/page/images/220251/original/SPORT.jpg]
[assets.prod.unioncloud-internal.com/page/images/220252/original/POSTGRADUATE.jpg]
[www.trentstudents.org/about-us/social-media.html]
[assets.prod.unioncloud-internal.com/global_assets/javascripts/ntsu/ntsua355.js]
[assets.prod.unioncloud-internal.com/global_assets/stylesheets/ntsu/ntsu36ca.css]
[www.trentstudents.org/about-us/contact-us.html]
[assets.prod.unioncloud-internal.com/global_assets/javascripts/ntsu/ntsu36ca.js]
[assets.prod.unioncloud-internal.com/global_assets/stylesheets/ntsu/ntsu6e50.css]
[www.trentstudents.org/about-us/work-for-us/student-jobs.html]
[www.trentstudents.org/about-us/work-for-us.html]
[assets.prod.unioncloud-internal.com/global_assets/javascripts/ntsu/ntsu6e50.js]
[assets.prod.unioncloud-internal.com/global_assets/stylesheets/ntsu/ntsuedd1.css]
[assets.prod.unioncloud-internal.com/image/images/495127/original/banner.png]
[www.trentstudents.org/about-us/advertise-with-us/freshers-media.html]
[assets.prod.unioncloud-internal.com/document/documents/101984/e139d7a217b04b6582514eda112eee8d/FRESHERS-ADVERTISING-BANNER-gif.gif]
[assets.prod.unioncloud-internal.com/image/images/494448/original/AD_1.png]
[assets.prod.unioncloud-internal.com/image/images/494449/original/AD_2.png]
[assets.prod.unioncloud-internal.com/image/images/494451/original/AD_4.png]
[www.trentstudents.org/about-us/advertise-with-us.html]
[assets.prod.unioncloud-internal.com/global_assets/javascripts/ntsu/ntsuedd1.js]
[assets.prod.unioncloud-internal.com/global_assets/stylesheets/ntsu/ntsu87ec.css]
[www.trentstudents.org/about-us/accessibility.html]
[assets.prod.unioncloud-internal.com/global_assets/javascripts/ntsu/ntsu87ec.js]
[assets.prod.unioncloud-internal.com/global_assets/stylesheets/ntsu/ntsuef4a.css]
[assets.prod.unioncloud-internal.com/image/images/483606/original/susbanner.jpg]
[www.trentstudents.org/about-us/sustainability/what-we-are-doing.html]
[assets.prod.unioncloud-internal.com/image/images/486563/original/sustsain-03.jpg]
[www.trentstudents.org/about-us/sustainability/student-pledges.html]
[assets.prod.unioncloud-internal.com/image/images/486565/original/sustsain-01.jpg]
[www.trentstudents.org/about-us/sustainability/strategy-and-policies.html]
[assets.prod.unioncloud-internal.com/image/images/487661/original/stats.png]
[www.trentstudents.org/about-us/sustainability/what-you-can-do.html]
[assets.prod.unioncloud-internal.com/image/images/486566/original/sustsain-02.jpg]
[www.trentstudents.org/about-us/sustainability.html]
[assets.prod.unioncloud-internal.com/global_assets/javascripts/ntsu/ntsuef4a.js]
[assets.prod.unioncloud-internal.com/global_assets/stylesheets/ntsu/ntsuab80.css]
[www.trentstudents.org/about-us/student-life-pulse.html]
[www.trentstudents.org/about-us/styles.html]
[cdn.jsdelivr.net/npm/@fortawesome/fontawesome-free@latest/css/all.min.css]
[assets.prod.unioncloud-internal.com/global_assets/javascripts/ntsu/ntsuab80.js]
[www.trentstudents.org/widget/display_election_study_types.js]
[www.trentstudents.org/widget/display_election_schools.19b.delayed]
[www.trentstudents.org/widget/display_election_age_range.js]
[www.trentstudents.org/widget/display_election_top_turnout.js]
[www.trentstudents.org/widget/get_election_widget_data.js]
[www.trentstudents.org/about-us/Firefox/index.html]
[www.trentstudents.org/about-us/default/steps-number.png]
[assets.unioncloud.org/assets/application_student_view-6c2262f95ee77549950dd885766f26f8e86470a36c9fff6a4401288dafbf7603.js]
[assets.unioncloud.org/assets/ntsu_default/javascripts/union-a950fc00340a7bf861c70c625520bfd222fa734fcab83411ad43700c56d81d81.js]
[www.trentstudents.org/assets/responsiveslides.min.js]
[www.trentstudents.org/about-us/adobeair/index.html]
[www.trentstudents.org/about-us/trident/index.html]
[www.trentstudents.org/about-us/contents.css]
[www.trentstudents.org/about-us/applewebkit/index.html]
[www.trentstudents.org/about-us/styles.js]
[www.trentstudents.org/about-us/plugins/index.html]
[www.trentstudents.org/about-us/POST]
[www.trentstudents.org/about-us/chrome/index.html]
[www.trentstudents.org/about-us/icons_hidpi.png]
[www.trentstudents.org/about-us/icons.png]
[assets.unioncloud.org/assets/other_script-b02912cc72472ea0709fea4f4fa42211d1aad1f4a5787a38530b3554100a6701.js]
[assets.unioncloud.org/assets/reciteme-59af904dc8c4cadd278044baf2b78765e2b17a60c2ccabc83ddd4b11ba816d1a.js]
[cdn.jsdelivr.net/gh/kenwheeler/slick@1.8.1/slick/fonts/slick.svg]
[assets.unioncloud.org/assets/default/breadcrumb-separator.png]
[assets.unioncloud.org/assets/default/addticket.gif]
[assets.unioncloud.org/assets/default/tab-bg.png]
[assets.unioncloud.org/assets/next-horizontal.png]
[assets.unioncloud.org/assets/prev-horizontal.png]
[assets.unioncloud.org/assets/next-vertical.png]
[assets.unioncloud.org/assets/prev-vertical.png]
[assets.unioncloud.org/assets/default/fonts/adelyne-webfont.svg]
[assets.unioncloud.org/assets/default/big_transparent.gif]
[assets.unioncloud.org/assets/default/cursors/cursor_arrow_left.png]
[assets.unioncloud.org/assets/default/cursors/cursor_arrow_left.cur]
[assets.unioncloud.org/assets/default/cursors/cursor_arrow_right.png]
[assets.unioncloud.org/assets/default/cursors/cursor_arrow_right.cur]
[assets.unioncloud.org/assets/tip-yellowsimple_arrows.gif]
[assets.unioncloud.org/assets/fonts/CenturyGothic.svg]
[assets.unioncloud.org/assets/fonts/CenturyGothicBold.svg]
[assets.unioncloud.org/images/ntsu_default/images/ntsu-stu-voice.html]
[assets.unioncloud.org/images/ntsu_default/images/ntsu-stu-ents.html]
[assets.unioncloud.org/images/ntsu_default/images/ntsu-stu-adv.html]
[assets.unioncloud.org/images/ntsu_default/images/ntsu-stu-act.html]
[assets.unioncloud.org/images/ntsu_default/images/ntsu-stu-emp.html]
[assets.unioncloud.org/images/ntsu_default/images/ntsu-stu-demo.html]
[assets.unioncloud.org/images/ntsu_default/images/ntsu-stu-eng.html]
[assets.unioncloud.org/images/ntsu_default/images/ntsu-sport-icon.html]
[assets.unioncloud.org/images/ntsu_default/images/ntsu-venue-icon.html]
[assets.unioncloud.org/images/ntsu_default/images/ntsu-shop-icon.html]
[assets.unioncloud.org/images/ucsu_bespoke_default/images/grid-name-bg.html]
[assets.unioncloud.org/images/ntsu_default/images/ipad-ntsu-stu-voice.html]
[assets.unioncloud.org/images/ntsu_default/images/ipad-ntsu-stu-ents.html]
[assets.unioncloud.org/images/ntsu_default/images/ipad-ntsu-stu-adv.html]
[assets.unioncloud.org/images/ntsu_default/images/ipad-ntsu-stu-act.html]
[assets.unioncloud.org/images/ntsu_default/images/ipad-ntsu-stu-emp.html]
[assets.unioncloud.org/images/ntsu_default/images/ipad-ntsu-stu-demo.html]
[assets.unioncloud.org/images/ntsu_default/images/ipad-ntsu-stu-eng.html]
[assets.unioncloud.org/images/ntsu_default/images/ipad-ntsu-sport-icon.html]
[assets.unioncloud.org/images/ntsu_default/images/ipad-ntsu-venue-icon.html]
[assets.unioncloud.org/images/ntsu_default/images/ipad-ntsu-shop-icon.html]
[www.trentstudents.org/about-us/true/index.html]
[assets.prod.unioncloud-internal.com/global_assets/stylesheets/ntsu/ntsub994.css]
[assets.prod.unioncloud-internal.com/global_assets/stylesheets/ntsu/ntsu94a3.css]
[assets.prod.unioncloud-internal.com/image/images/154665/optimized/CHARTER-2018-IMAGES-safety.png]
[assets.prod.unioncloud-internal.com/image/images/154664/optimized/CHARTER-2018-IMAGES-feedback.png]
[assets.prod.unioncloud-internal.com/image/images/154666/optimized/CHARTER-2018-IMAGES-democracy.png]
[assets.prod.unioncloud-internal.com/image/images/154659/optimized/CHARTER-2018-IMAGES-sustainability.png]
[assets.prod.unioncloud-internal.com/image/images/154662/optimized/CHARTER-2018-IMAGES-communication.png]
[assets.prod.unioncloud-internal.com/image/images/154661/optimized/CHARTER-2018-IMAGES-equality.png]
[assets.prod.unioncloud-internal.com/image/images/154658/optimized/CHARTER-2018-IMAGES-personalDev.png]
[assets.prod.unioncloud-internal.com/image/images/154660/optimized/CHARTER-2018-IMAGES-learning.png]
[assets.prod.unioncloud-internal.com/image/images/154663/optimized/CHARTER-2018-IMAGES-opportunity.png]
[www.trentstudents.org/about-us/our-mission/student-charter.html]
[assets.prod.unioncloud-internal.com/global_assets/stylesheets/ntsu/ntsu516f.css]
[assets.prod.unioncloud-internal.com/global_assets/stylesheets/ntsu/ntsu7812.css]
[assets.prod.unioncloud-internal.com/global_assets/javascripts/ntsu/ntsu94a3.js]
[assets.prod.unioncloud-internal.com/global_assets/stylesheets/ntsu/ntsu6d33.css]
[www.trentstudents.org/about-us/your-campus/brackenhurst-students.html]
[assets.prod.unioncloud-internal.com/global_assets/javascripts/ntsu/ntsu6d33.js]
[assets.prod.unioncloud-internal.com/global_assets/stylesheets/ntsu/ntsu7f17.css]
[www.trentstudents.org/about-us/your-campus/city-students.html]
[assets.prod.unioncloud-internal.com/global_assets/javascripts/ntsu/ntsu7f17.js]
[assets.prod.unioncloud-internal.com/global_assets/stylesheets/ntsu/ntsua08e.css]
[www.trentstudents.org/about-us/your-campus/clifton-students.html]
[assets.prod.unioncloud-internal.com/global_assets/javascripts/ntsu/ntsua08e.js]
[assets.prod.unioncloud-internal.com/global_assets/stylesheets/ntsu/ntsubd39.css]
[www.trentstudents.org/about-us/your-campus/confetti-students.html]
[assets.prod.unioncloud-internal.com/global_assets/javascripts/ntsu/ntsubd39.js]
[assets.prod.unioncloud-internal.com/global_assets/stylesheets/ntsu/ntsuf1bb.css]
[www.trentstudents.org/about-us/your-campus/mansfield-students.html]
[assets.prod.unioncloud-internal.com/global_assets/javascripts/ntsu/ntsuf1bb.js]
[assets.prod.unioncloud-internal.com/global_assets/stylesheets/ntsu/ntsu6158.css]
[assets.prod.unioncloud-internal.com/image/images/273660/original/YOUR-UNION-HEADERS-NTIC.jpg]
[assets.prod.unioncloud-internal.com/image/images/273438/original/CAMPUS_HEADERSCITY_1.jpg]
[assets.prod.unioncloud-internal.com/image/images/273431/original/CAMPUS_HEADERSCITY_2.jpg]
[assets.prod.unioncloud-internal.com/image/images/273436/original/CAMPUS_HEADERSCITY_4.jpg]
[assets.prod.unioncloud-internal.com/image/images/177573/original/SOCIAL-MEDIA-ICONS-INSTAGRAM-BLACK-300.png]
[assets.prod.unioncloud-internal.com/image/images/364225/original/SOCIAL-MEDIA-ICONS-TIKTOK-BLACK-300.png]
[assets.prod.unioncloud-internal.com/image/images/177570/original/SOCIAL-MEDIA-ICONS-FACEBOOK-BLACK-300.png]
[assets.prod.unioncloud-internal.com/image/images/177571/original/SOCIAL-MEDIA-ICONS-TWITTER-BLACK-300.png]
[assets.prod.unioncloud-internal.com/image/images/204534/original/SOCIAL-MEDIA-ICONS-YOUTUBE-BLACK-300.png]
[www.trentstudents.org/about-us/your-campus/ntic-students.html]
[assets.prod.unioncloud-internal.com/global_assets/javascripts/ntsu/ntsu6158.js]
[assets.prod.unioncloud-internal.com/global_assets/stylesheets/ntsu/ntsuf448.css]
[assets.prod.unioncloud-internal.com/image/images/513827/original/CONFETTI_LDN_HEADER_720p.jpg]
[www.trentstudents.org/about-us/your-campus/confetti-london.html]
[assets.prod.unioncloud-internal.com/global_assets/stylesheets/ntsu/ntsua355.css]
[assets.prod.unioncloud-internal.com/global_assets/javascripts/ntsu/ntsuf448.js]
[assets.prod.unioncloud-internal.com/global_assets/stylesheets/ntsu/ntsu7d77.css]
[www.trentstudents.org/about-us/social-media/halls-facebook-groups.html]
[assets.prod.unioncloud-internal.com/global_assets/stylesheets/ntsu/ntsu36ca.css]
[assets.prod.unioncloud-internal.com/global_assets/stylesheets/ntsu/ntsu6e50.css]
[assets.prod.unioncloud-internal.com/global_assets/javascripts/ntsu/ntsu7d77.js]
[assets.prod.unioncloud-internal.com/global_assets/stylesheets/ntsu/ntsu5055.css]
[www.trentstudents.org/about-us/work-for-us/student-jobs.html]
[assets.prod.unioncloud-internal.com/global_assets/stylesheets/ntsu/ntsuedd1.css]
[assets.prod.unioncloud-internal.com/global_assets/javascripts/ntsu/ntsu5055.js]
[assets.prod.unioncloud-internal.com/global_assets/stylesheets/ntsu/ntsu4595.css]
[assets.prod.unioncloud-internal.com/image/images/496258/original/jimmys-central.png]
[www.trentstudents.org/about-us/advertise-with-us/freshers-media.html]
[assets.prod.unioncloud-internal.com/global_assets/stylesheets/ntsu/ntsu87ec.css]
[assets.prod.unioncloud-internal.com/global_assets/stylesheets/ntsu/ntsuef4a.css]
[assets.prod.unioncloud-internal.com/global_assets/javascripts/ntsu/ntsu4595.js]
[assets.prod.unioncloud-internal.com/global_assets/stylesheets/ntsu/ntsud605.css]
[www.trentstudents.org/about-us/sustainability/sustainability-content/our-areas-of-impact.html]
[www.trentstudents.org/about-us/sustainability/what-we-are-doing.html]
[assets.prod.unioncloud-internal.com/global_assets/javascripts/ntsu/ntsud605.js]
[assets.prod.unioncloud-internal.com/global_assets/stylesheets/ntsu/ntsu7505.css]
[padlet.net/embeds/made_with_padlet_2022.png]
[www.trentstudents.org/about-us/sustainability/student-pledges.html]
[assets.prod.unioncloud-internal.com/global_assets/javascripts/ntsu/ntsu7505.js]
[assets.prod.unioncloud-internal.com/global_assets/stylesheets/ntsu/ntsu17dc.css]
[assets.prod.unioncloud-internal.com/image/images/502501/original/7_SUSTAINABILITY_GOALS_LANDSCAP.jpg]
[assets.prod.unioncloud-internal.com/image/images/502502/original/SUSTAINABILITY_STRATEGY_ROADMAP_SCREE.jpg]
[www.trentstudents.org/about-us/sustainability/strategy-and-policies.html]
[assets.prod.unioncloud-internal.com/global_assets/javascripts/ntsu/ntsu4ac1.js]
[assets.prod.unioncloud-internal.com/global_assets/stylesheets/ntsu/ntsu12ad.css]
[www.trentstudents.org/about-us/sustainability/what-you-can-do/food-and-diet.html]
[www.trentstudents.org/about-us/sustainability/what-you-can-do/waste-and-recycling.html]
[www.trentstudents.org/about-us/sustainability/what-you-can-do/energy-and-bills.html]
[www.trentstudents.org/about-us/sustainability/what-you-can-do/sustainable-banking.html]
[www.trentstudents.org/about-us/sustainability/what-you-can-do/sustainable-journeys.html]
[www.trentstudents.org/about-us/sustainability/what-you-can-do.html]
[assets.prod.unioncloud-internal.com/global_assets/stylesheets/ntsu/ntsuab80.css]
[www.trentstudents.org/about-us/Firefox/index.html]
[www.trentstudents.org/widget/display_election_study_types.html]
[www.trentstudents.org/widget/display_election_schools.html]
[www.trentstudents.org/widget/display_election_age_range.html]
[www.trentstudents.org/widget/display_election_top_turnout.html]
[www.trentstudents.org/widget/get_election_widget_data.html]
[www.trentstudents.org/about-us/default/steps-number.html]
[www.trentstudents.org/assets/responsiveslides.min.js]
[www.trentstudents.org/about-us/trident/index.html]
[www.trentstudents.org/about-us/applewebkit/index.html]
[www.trentstudents.org/about-us/adobeair/index.html]
[www.trentstudents.org/about-us/contents.html]
[www.trentstudents.org/about-us/plugins/index.html]
[www.trentstudents.org/about-us/styles-2.html]
[www.trentstudents.org/about-us/chrome/index.html]
[www.trentstudents.org/about-us/POST.html]
[www.trentstudents.org/about-us/icons_hidpi.html]
[www.trentstudents.org/about-us/icons.html]
[assets.prod.unioncloud-internal.com/global_assets/stylesheets/ntsu/ntsu94a3.css]
[assets.prod.unioncloud-internal.com/global_assets/stylesheets/ntsu/ntsu6d33.css]
[assets.prod.unioncloud-internal.com/global_assets/stylesheets/ntsu/ntsu7f17.css]
[assets.prod.unioncloud-internal.com/global_assets/stylesheets/ntsu/ntsua08e.css]
[assets.prod.unioncloud-internal.com/global_assets/stylesheets/ntsu/ntsubd39.css]
[assets.prod.unioncloud-internal.com/global_assets/stylesheets/ntsu/ntsuf1bb.css]
[assets.prod.unioncloud-internal.com/global_assets/stylesheets/ntsu/ntsu6158.css]
[assets.prod.unioncloud-internal.com/global_assets/stylesheets/ntsu/ntsuf448.css]
[assets.prod.unioncloud-internal.com/global_assets/stylesheets/ntsu/ntsu7d77.css]
[assets.prod.unioncloud-internal.com/global_assets/stylesheets/ntsu/ntsu5055.css]
[assets.prod.unioncloud-internal.com/global_assets/stylesheets/ntsu/ntsu4595.css]
[assets.prod.unioncloud-internal.com/global_assets/stylesheets/ntsu/ntsud605.css]
[assets.prod.unioncloud-internal.com/global_assets/javascripts/ntsu/ntsu12ad.js]
[assets.prod.unioncloud-internal.com/global_assets/stylesheets/ntsu/ntsu70d6.css]
[www.trentstudents.org/about-us/sustainability/sustainability-content/our-areas-of-impact.html]
[assets.prod.unioncloud-internal.com/global_assets/stylesheets/ntsu/ntsu7505.css]
[assets.prod.unioncloud-internal.com/global_assets/stylesheets/ntsu/ntsu17dc.css]
[assets.prod.unioncloud-internal.com/global_assets/stylesheets/ntsu/ntsu12ad.css]
[assets.prod.unioncloud-internal.com/global_assets/javascripts/ntsu/ntsu02df.js]
[assets.prod.unioncloud-internal.com/global_assets/stylesheets/ntsu/ntsu623d.css]
[www.trentstudents.org/about-us/sustainability/what-you-can-do/food-and-diet.html]
[assets.prod.unioncloud-internal.com/global_assets/javascripts/ntsu/ntsue3e7.js]
[assets.prod.unioncloud-internal.com/global_assets/stylesheets/ntsu/ntsucbdd.css]
[www.trentstudents.org/about-us/sustainability/what-you-can-do/waste-and-recycling.html]
[assets.prod.unioncloud-internal.com/global_assets/javascripts/ntsu/ntsucbdd.js]
[assets.prod.unioncloud-internal.com/global_assets/stylesheets/ntsu/ntsua89d.css]
[www.trentstudents.org/about-us/sustainability/what-you-can-do/energy-and-bills.html]
[assets.prod.unioncloud-internal.com/global_assets/javascripts/ntsu/ntsua89d.js]
[assets.prod.unioncloud-internal.com/global_assets/stylesheets/ntsu/ntsu1d8b.css]
[assets.prod.unioncloud-internal.com/image/images/514455/original/micheile-henderson-ZVprbBmT8QA-unsplash.jpg]
[www.trentstudents.org/about-us/sustainability/what-you-can-do/sustainable-banking.html]
[assets.prod.unioncloud-internal.com/global_assets/javascripts/ntsu/ntsu1d8b.js]
[assets.prod.unioncloud-internal.com/global_assets/stylesheets/ntsu/ntsu3435.css]
[www.trentstudents.org/about-us/sustainability/what-you-can-do/sustainable-journeys.html]
[assets.prod.unioncloud-internal.com/global_assets/stylesheets/ntsu/ntsu70d6.css]
[assets.prod.unioncloud-internal.com/global_assets/stylesheets/ntsu/ntsu623d.css]
[assets.prod.unioncloud-internal.com/global_assets/stylesheets/ntsu/ntsucbdd.css]
[assets.prod.unioncloud-internal.com/global_assets/stylesheets/ntsu/ntsua89d.css]
[assets.prod.unioncloud-internal.com/global_assets/stylesheets/ntsu/ntsu1d8b.css]
[assets.prod.unioncloud-internal.com/global_assets/stylesheets/ntsu/ntsu3435.css]
[assets.prod.unioncloud-internal.com/global_assets/javascripts/ntsu/ntsu3435.js]
